action: py36, msg: installpkg
cwd: /home/joshua/repos/by-owner/feudal/feudal_adapter_ldf
cmd: /home/joshua/repos/by-owner/feudal/feudal_adapter_ldf/.tox/py36/bin/python -m pip install --exists-action w .tox/.tmp/package/1/ldf_adapter-0.1.1.zip
Processing ./.tox/.tmp/package/1/ldf_adapter-0.1.1.zip
Collecting Unidecode
  Downloading Unidecode-1.1.1-py2.py3-none-any.whl (238 kB)
Collecting regex
  Using cached regex-2020.1.8-cp36-cp36m-manylinux2010_x86_64.whl (689 kB)
Collecting requests
  Downloading requests-2.22.0-py2.py3-none-any.whl (57 kB)
Collecting idna<2.9,>=2.5
  Using cached idna-2.8-py2.py3-none-any.whl (58 kB)
Collecting chardet<3.1.0,>=3.0.2
  Downloading chardet-3.0.4-py2.py3-none-any.whl (133 kB)
Collecting urllib3!=1.25.0,!=1.25.1,<1.26,>=1.21.1
  Using cached urllib3-1.25.8-py2.py3-none-any.whl (125 kB)
Collecting certifi>=2017.4.17
  Using cached certifi-2019.11.28-py2.py3-none-any.whl (156 kB)
Building wheels for collected packages: ldf-adapter
  Building wheel for ldf-adapter (setup.py): started
  Building wheel for ldf-adapter (setup.py): finished with status 'done'
  Created wheel for ldf-adapter: filename=ldf_adapter-0.1.1-py3-none-any.whl size=33131 sha256=04576c827730e877b7020e4807565e3f3997304b9954cf8b85582e12a17738aa
  Stored in directory: /home/joshua/.cache/pip/wheels/f3/3a/ac/ffd17e796a4dbafcf0c074116e719ffa210ce8278f938af3b3
Successfully built ldf-adapter
Installing collected packages: Unidecode, regex, idna, chardet, urllib3, certifi, requests, ldf-adapter
  Attempting uninstall: ldf-adapter
    Found existing installation: ldf-adapter 0.1.1
    Not uninstalling ldf-adapter at /home/joshua/repos/by-owner/feudal/feudal_adapter_ldf, outside environment /home/joshua/repos/by-owner/feudal/feudal_adapter_ldf/.tox/py36
    Can't uninstall 'ldf-adapter'. No files were found to uninstall.
Successfully installed Unidecode-1.1.1 certifi-2019.11.28 chardet-3.0.4 idna-2.8 ldf-adapter-0.1.1 regex-2020.1.8 requests-2.22.0 urllib3-1.25.8
